Microchip MPLAB XC8 Compiler V1.30 ()

Linker command line:

--edf=C:\Program Files\Microchip\xc8\v1.30\dat\en_msgs.txt \
  --msgdisable=1414 -cs -h+BMS_Master.sym --cmf=BMS_Master.cmf -z -Q18F4580 \
  -oC:\DOCUME~1\Owner\LOCALS~1\Temp\s264.6 -MBMS_Master.map -ver=XC8 \
  -ASTACK=02A2h-05ffh -pstack=STACK -ACODE=00h-07FFFh -ACONST=00h-07FFFh \
  -ASMALLCONST=0600h-06FFhx122 -AMEDIUMCONST=0600h-07FFFh -ACOMRAM=01h-05Fh \
  -AABS1=00h-05FFh -ABIGRAM=01h-05FFh -ARAM=060h-0FFh,0100h-01FFhx5 \
  -ABANK0=060h-0FFh -ABANK1=0100h-01FFh -ABANK2=0200h-02FFh \
  -ABANK3=0300h-03FFh -ABANK4=0400h-04FFh -ABANK5=0500h-05FFh \
  -ASFR=0D00h-0DFFhx2,0F00h-0F5Fh,0F60h-0FFFh \
  -preset_vec=00h,intcode=08h,intcodelo,powerup,init,end_init \
  -pramtop=0600h -psmallconst=SMALLCONST -pmediumconst=MEDIUMCONST \
  -pconst=CONST -AFARRAM=00h-00h -ACONFIG=0300000h-030000Dh -pconfig=CONFIG \
  -AIDLOC=0200000h-0200007h -pidloc=IDLOC -AEEDATA=0F00000h-0F000FFh \
  -peeprom_data=EEDATA \
  -prdata=COMRAM,nvrram=COMRAM,nvbit=COMRAM,rbss=COMRAM,rbit=COMRAM \
  -pfarbss=FARRAM,fardata=FARRAM,nvFARRAM=FARRAM \
  -pintsave_regs=BIGRAM,bigbss=BIGRAM,bigdata=BIGRAM -pbss=RAM \
  -pidata=CODE,irdata=CODE,ibigdata=CODE,ifardata=CODE startup.obj \
  BMS_Master.obj 

Object code version is 3.11

Machine type is 18F4580

Call graph: (short form)




                Name                               Link     Load   Length Selector   Space Scale
startup.obj     end_init                             B8       B8        4        4       0
                reset_vec                             0        0        4        0       0
                config                           300000   300000        8   300000       0
BMS_Master.obj  intcode                               8        8       B0        4       0
                mediumconst                        7E08     7E08      1F8     3F04       0
                intcode_body                       3250     3250       9A        4       0
                text41                             38F4     38F4       12        4       0
                text40                             38E2     38E2       12        4       0
                text38                             294C     294C      1B2        4       0
                text37                             238C     238C      21A        4       0
                text36                             3846     3846       24        4       0
                text35                             386A     386A       22        4       0
                text34                             38D0     38D0       12        4       0
                text33                             35BE     35BE       60        4       0
                text32                             388C     388C       1E        4       0
                text31                             38BE     38BE       12        4       0
                text30                             3712     3712       4A        4       0
                text29                             30AE     30AE       DC        4       0
                text28                             37D8     37D8       38        4       0
                text27                             33C8     33C8       6E        4       0
                text26                             25A6     25A6      1D4        4       0
                text25                             355C     355C       62        4       0
                text24                             32EA     32EA       70        4       0
                text23                             38AA     38AA       14        4       0
                text22                             335A     335A       6E        4       0
                text21                             1E6A     1E6A      2F4        4       0
                text20                             34FA     34FA       62        4       0
                text19                             3498     3498       62        4       0
                text18                             3674     3674       50        4       0
                text17                             3436     3436       62        4       0
                text16                             2D92     2D92      12C        4       0
                text15                             379A     379A       3E        4       0
                text14                             2AFE     2AFE      15E        4       0
                text13                             2EBE     2EBE      106        4       0
                text12                             318A     318A       C6        4       0
                text11                             375C     375C       3E        4       0
                text10                             36C4     36C4       4E        4       0
                text9                              215E     215E      22E        4       0
                text8                              277A     277A      1D2        4       0
                text7                              2C5C     2C5C      136        4       0
                text6                              2FC4     2FC4       EA        4       0
                text5                              1AC4     1AC4      3A6        4       0
                text4                              3810     3810       36        4       0
                text3                               C9C      C9C      650        4       0
                text2                                BC       BC      BE0        4       0
                text1                              12EC     12EC      3F2        4       0
                cstackCOMRAM                          1        1       2B        1       1
                cstackBANK0                          60       60       74       60       1
                cstackBANK1                         178      178       5D      100       1
                bssBANK2                            200      200       A2      200       1
                dataBANK1                           1D5      1D5        4      100       1
                bssBANK1                            100      100       78      100       1
                bssBANK0                             D4       D4       28       60       1
                bssCOMRAM                            2C       2C        C        1       1
                cinit                              361E     361E       56        4       0
                idataBANK1                         3906     3906        4        4       0
                text0                              16DE     16DE      3E6        4       0

TOTAL           Name                               Link     Load   Length     Space
        CLASS   STACK          

        CLASS   CODE           
                end_init                             B8       B8        4         0
                intcode                               8        8       B0         0
                reset_vec                             0        0        4         0
                intcode_body                       3250     3250       9A         0
                text41                             38F4     38F4       12         0
                text40                             38E2     38E2       12         0
                text38                             294C     294C      1B2         0
                text37                             238C     238C      21A         0
                text36                             3846     3846       24         0
                text35                             386A     386A       22         0
                text34                             38D0     38D0       12         0
                text33                             35BE     35BE       60         0
                text32                             388C     388C       1E         0
                text31                             38BE     38BE       12         0
                text30                             3712     3712       4A         0
                text29                             30AE     30AE       DC         0
                text28                             37D8     37D8       38         0
                text27                             33C8     33C8       6E         0
                text26                             25A6     25A6      1D4         0
                text25                             355C     355C       62         0
                text24                             32EA     32EA       70         0
                text23                             38AA     38AA       14         0
                text22                             335A     335A       6E         0
                text21                             1E6A     1E6A      2F4         0
                text20                             34FA     34FA       62         0
                text19                             3498     3498       62         0
                text18                             3674     3674       50         0
                text17                             3436     3436       62         0
                text16                             2D92     2D92      12C         0
                text15                             379A     379A       3E         0
                text14                             2AFE     2AFE      15E         0
                text13                             2EBE     2EBE      106         0
                text12                             318A     318A       C6         0
                text11                             375C     375C       3E         0
                text10                             36C4     36C4       4E         0
                text9                              215E     215E      22E         0
                text8                              277A     277A      1D2         0
                text7                              2C5C     2C5C      136         0
                text6                              2FC4     2FC4       EA         0
                text5                              1AC4     1AC4      3A6         0
                text4                              3810     3810       36         0
                text3                               C9C      C9C      650         0
                text2                                BC       BC      BE0         0
                text1                              12EC     12EC      3F2         0
                cinit                              361E     361E       56         0
                idataBANK1                         3906     3906        4         0
                text0                              16DE     16DE      3E6         0

        CLASS   CONST          

        CLASS   SMALLCONST     

        CLASS   MEDIUMCONST    
                mediumconst                        7E08     7E08      1F8         0

        CLASS   COMRAM         
                cstackCOMRAM                          1        1       2B         1
                bssCOMRAM                            2C       2C        C         1

        CLASS   ABS1           

        CLASS   BIGRAM         

        CLASS   RAM            

        CLASS   BANK0          
                cstackBANK0                          60       60       74         1
                bssBANK0                             D4       D4       28         1

        CLASS   BANK1          
                cstackBANK1                         178      178       5D         1
                dataBANK1                           1D5      1D5        4         1
                bssBANK1                            100      100       78         1

        CLASS   BANK2          
                bssBANK2                            200      200       A2         1

        CLASS   BANK3          

        CLASS   BANK4          

        CLASS   BANK5          

        CLASS   SFR            

        CLASS   FARRAM         

        CLASS   CONFIG         
                config                           300000   300000        8         0

        CLASS   IDLOC          

        CLASS   EEDATA         



SEGMENTS        Name                           Load    Length   Top    Selector   Space  Class

                reset_vec                      000000  000004  000004         0       0  CODE    
                cstackCOMRAM                   000001  000037  000038         1       1  COMRAM  
                intcode                        000008  003902  00390A         4       0  CODE    
                cstackBANK0                    000060  00009C  0000FC        60       1  BANK0   
                bssBANK1                       000100  0000D9  0001D9       100       1  BANK1   
                bssBANK2                       000200  0000A2  0002A2       200       1  BANK2   
                mediumconst                    007E08  0001F8  008000      3F04       0  MEDIUMCO
                config                         300000  000008  300008    300000       0  CONFIG  


UNUSED ADDRESS RANGES

        Name                Unused          Largest block    Delta
        BANK0            0000FC-0000FF                4
        BANK1            0001D9-0001FF               27
        BANK2            0002A2-0002FF               5E
        BANK3            000300-0003FF              100
        BANK4            000400-0004FF              100
        BANK5            000500-0005FF              100
        BIGRAM           000038-00005F               28
                         0000FC-0000FF                4
                         0001D9-0001FF               27
                         0002A2-0005FF              35E
        CODE             000004-000007                4
                         00390A-007E07             44FE
        COMRAM           000038-00005F               28
        CONFIG           300008-30000D                6
        CONST            000004-000007                4
                         00390A-007E07             44FE
        EEDATA           F00000-F000FF              100
        IDLOC            200000-200007                8
        MEDIUMCONST      00390A-007E07             44FE
        RAM              0000FC-0000FF                4
                         0001D9-0001FF               27
                         0002A2-0005FF              100
        SFR              000D00-000FFF              100
        SMALLCONST       00390A-007E07              100
        STACK            0002A2-0005FF              35E

                                  Symbol Table

?_ReadTimer0                    cstackCOMRAM 000015
?___awdiv                       cstackBANK0  000064
?___awmod                       cstackBANK0  000060
?___awtofl                      cstackBANK0  00006A
?___fladd                       cstackBANK0  00006A
?___fldiv                       cstackBANK0  00006A
?___flmul                       cstackBANK0  00006D
?___flneg                       cstackBANK0  000060
?___flpack                      cstackBANK0  000060
?___flsub                       cstackBANK0  000076
?___fltol                       cstackBANK0  000089
?___lldiv                       cstackBANK0  000060
?___llmod                       cstackBANK0  00006D
?___lltofl                      cstackBANK0  00006A
?___wmul                        cstackBANK0  000060
?__div_to_l_                    cstackBANK0  000060
?__tdiv_to_l_                   cstackBANK0  000060
?_fround                        cstackBANK0  000080
?_hexCharToInt                  cstackCOMRAM 000029
?_hexToInt                      cstackBANK0  000060
?_scale                         cstackBANK0  000080
?_sprintf                       cstackBANK0  000097
BRGCON1                         (abs)        000F70
BRGCON2                         (abs)        000F71
BRGCON3                         (abs)        000F72
CANCON                          (abs)        000F6F
CANSTAT                         (abs)        000F6E
EEADR                           (abs)        000FA9
EEDATA                          (abs)        000FA8
InterruptHandlerHigh            intcode      000008
InterruptHandlerHigh@t0         cstackCOMRAM 000013
InterruptHandlerLow             intcode      0000AC
InterruptHandlerLow@t0          cstackCOMRAM 000027
LATD                            (abs)        000F8C
NaslednjiPort@LocalcellStatuses cstackBANK0  000060
OpenTimer0@config               cstackCOMRAM 000029
OpenUSART@config                cstackCOMRAM 00002B
OpenUSART@spbrg                 cstackCOMRAM 000029
PORTD                           (abs)        000F83
RCREG                           (abs)        000FAE
RCSTA                           (abs)        000FAB
RXB0CON                         (abs)        000F60
RXB0D0                          (abs)        000F66
RXB0DLC                         (abs)        000F65
RXB0SIDH                        (abs)        000F61
RXB1CON                         (abs)        000F50
RXF0SIDH                        (abs)        000F00
RXF1SIDH                        (abs)        000F04
RXF2SIDH                        (abs)        000F08
RXF3SIDH                        (abs)        000F0C
RXF4SIDH                        (abs)        000F10
RXF5SIDH                        (abs)        000F14
RXM0SIDH                        (abs)        000F18
RXM1SIDH                        (abs)        000F1C
ReadBatNo@a                     cstackBANK0  000060
ReadBatNo@i                     cstackBANK0  000062
ReadTimer0@timer                cstackCOMRAM 000017
ReadUSART@data                  cstackCOMRAM 000029
Read_b_eep@badd                 cstackCOMRAM 000029
SPBRG                           (abs)        000FAF
SPBRGH                          (abs)        000FB0
T0CON                           (abs)        000FD5
TMR0H                           (abs)        000FD7
TMR0L                           (abs)        000FD6
TRISD                           (abs)        000F95
TXREG                           (abs)        000FAD
TXSTA                           (abs)        000FAC
WriteTimer0@timer               cstackBANK0  000060
WriteTimer0@timer0              cstackCOMRAM 000029
WriteUSART@data                 cstackCOMRAM 000029
_BRGCON1                        (abs)        000F70
_BRGCON2                        (abs)        000F71
_BRGCON2bits                    (abs)        000F71
_BRGCON3                        (abs)        000F72
_BRGCON3bits                    (abs)        000F72
_Bat_Tx_Str                     bssBANK0     0000D4
_CANCON                         (abs)        000F6F
_CANSTAT                        (abs)        000F6E
_CIOCONbits                     (abs)        000F73
_COMSTATbits                    (abs)        000F74
_EEADR                          (abs)        000FA9
_EECON1bits                     (abs)        000FA6
_EEDATA                         (abs)        000FA8
_INTCON2bits                    (abs)        000FF1
_INTCONbits                     (abs)        000FF2
_InterruptHandlerHigh           intcode      000008
_InterruptHandlerLow            intcode      0000AC
_LATD                           (abs)        000F8C
_MyEvTic                        bssBANK1     00016A
_MyVehicle                      bssBANK2     000200
_NaslednjiPort                  text36       003846
_OpenTimer0                     text35       00386A
_OpenUSART                      text27       0033C8
_PIE1bits                       (abs)        000F9D
_PIR1bits                       (abs)        000F9E
_PIR3bits                       (abs)        000FA4
_PORTD                          (abs)        000F83
_RCREG                          (abs)        000FAE
_RCSTA                          (abs)        000FAB
_RCSTAbits                      (abs)        000FAB
_RXB0CON                        (abs)        000F60
_RXB0CONbits                    (abs)        000F60
_RXB0D0                         (abs)        000F66
_RXB0DLC                        (abs)        000F65
_RXB0SIDH                       (abs)        000F61
_RXB0SIDLbits                   (abs)        000F62
_RXB1CON                        (abs)        000F50
_RXB1CONbits                    (abs)        000F50
_RXF0SIDH                       (abs)        000F00
_RXF1SIDH                       (abs)        000F04
_RXF2SIDH                       (abs)        000F08
_RXF3SIDH                       (abs)        000F0C
_RXF4SIDH                       (abs)        000F10
_RXF5SIDH                       (abs)        000F14
_RXM0SIDH                       (abs)        000F18
_RXM1SIDH                       (abs)        000F1C
_ReadBatNo                      text33       0035BE
_ReadTimer0                     text41       0038F4
_ReadUSART                      text32       00388C
_Read_b_eep                     text34       0038D0
_RxFilterMatch                  bssCOMRAM    000034
_Rx_Char                        bssBANK1     00016B
_SPBRG                          (abs)        000FAF
_SPBRGH                         (abs)        000FB0
_T0CON                          (abs)        000FD5
_T0CONbits                      (abs)        000FD5
_TMR0H                          (abs)        000FD7
_TMR0L                          (abs)        000FD6
_TRISCbits                      (abs)        000F94
_TRISD                          (abs)        000F95
_TXB0CONbits                    (abs)        000F40
_TXB1CONbits                    (abs)        000F30
_TXB2CONbits                    (abs)        000F20
_TXREG                          (abs)        000FAD
_TXSTA                          (abs)        000FAC
_TXSTAbits                      (abs)        000FAC
_USART_Status                   bssCOMRAM    000035
_V_BatChar                      bssBANK1     000170
_V_BatH                         bssBANK1     000128
_V_BatL                         bssBANK1     000148
_V_BatNo                        bssCOMRAM    000036
_V_BatSerNo                     bssCOMRAM    00002C
_V_BatTemp                      bssBANK1     000168
_WDTCONbits                     (abs)        000FD1
_WriteTimer0                    text31       0038BE
_WriteUSART                     text23       0038AA
__CFG_BOREN$OFF                 (abs)        000000
__CFG_BORV$0                    (abs)        000000
__CFG_LVP$OFF                   (abs)        000000
__CFG_PWRT$OFF                  (abs)        000000
__CFG_STVREN$OFF                (abs)        000000
__CFG_WDT$ON                    (abs)        000000
__CFG_WDTPS$32768               (abs)        000000
__HRAM                          (abs)        000000
__Habs1                         abs1         000000
__Hbank0                        bank0        000000
__Hbank1                        bank1        000000
__Hbank2                        bank2        000000
__Hbank3                        bank3        000000
__Hbank4                        bank4        000000
__Hbank5                        bank5        000000
__Hbigbss                       bigbss       000000
__Hbigdata                      bigdata      000000
__Hbigram                       bigram       000000
__Hbss                          bss          000000
__HbssBANK0                     bssBANK0     000000
__HbssBANK1                     bssBANK1     000000
__HbssBANK2                     bssBANK2     000000
__HbssCOMRAM                    bssCOMRAM    000000
__Hcinit                        cinit        000000
__Hclrtext                      clrtext      000000
__Hcomram                       comram       000000
__Hconfig                       config       300008
__Hconst                        const        000000
__HcstackBANK0                  cstackBANK0  000000
__HcstackBANK1                  cstackBANK1  000000
__HcstackCOMRAM                 cstackCOMRAM 000000
__Hdata                         data         000000
__HdataBANK1                    dataBANK1    000000
__Heeprom_data                  eeprom_data  000000
__Hend_init                     end_init     0000BC
__Hfarbss                       farbss       000000
__Hfardata                      fardata      000000
__Hibigdata                     ibigdata     000000
__Hidata                        idata        000000
__HidataBANK1                   idataBANK1   000000
__Hidloc                        idloc        000000
__Hifardata                     ifardata     000000
__Hinit                         init         0000B8
__Hintcode                      intcode      0000B8
__Hintcode_body                 intcode_body 000000
__Hintcodelo                    intcodelo    0000B8
__Hintentry                     intentry     000000
__Hintret                       intret       000000
__Hintsave_regs                 intsave_regs 000000
__Hirdata                       irdata       000000
__Hmediumconst                  mediumconst  008000
__HnvFARRAM                     nvFARRAM     000000
__Hnvbit                        nvbit        000000
__Hnvrram                       nvrram       000000
__Hparam                        rparam       000000
__Hpowerup                      powerup      0000B8
__Hram                          ram          000000
__Hramtop                       ramtop       000600
__Hrbit                         rbit         000000
__Hrbss                         rbss         000000
__Hrdata                        rdata        000000
__Hreset_vec                    reset_vec    000004
__Hrparam                       rparam       000000
__Hsfr                          sfr          000000
__Hsmallconst                   smallconst   000000
__Hstack                        stack        000000
__Hstruct                       struct       000000
__Htemp                         temp         000000
__Htext                         text         000000
__Htext0                        text0        000000
__Htext1                        text1        000000
__Htext10                       text10       000000
__Htext11                       text11       000000
__Htext12                       text12       000000
__Htext13                       text13       000000
__Htext14                       text14       000000
__Htext15                       text15       000000
__Htext16                       text16       000000
__Htext17                       text17       000000
__Htext18                       text18       000000
__Htext19                       text19       000000
__Htext2                        text2        000000
__Htext20                       text20       000000
__Htext21                       text21       000000
__Htext22                       text22       000000
__Htext23                       text23       000000
__Htext24                       text24       000000
__Htext25                       text25       000000
__Htext26                       text26       000000
__Htext27                       text27       000000
__Htext28                       text28       000000
__Htext29                       text29       000000
__Htext3                        text3        000000
__Htext30                       text30       000000
__Htext31                       text31       000000
__Htext32                       text32       000000
__Htext33                       text33       000000
__Htext34                       text34       000000
__Htext35                       text35       000000
__Htext36                       text36       000000
__Htext37                       text37       000000
__Htext38                       text38       000000
__Htext4                        text4        000000
__Htext40                       text40       000000
__Htext41                       text41       000000
__Htext5                        text5        000000
__Htext6                        text6        000000
__Htext7                        text7        000000
__Htext8                        text8        000000
__Htext9                        text9        000000
__LRAM                          (abs)        000001
__Labs1                         abs1         000000
__Lbank0                        bank0        000000
__Lbank1                        bank1        000000
__Lbank2                        bank2        000000
__Lbank3                        bank3        000000
__Lbank4                        bank4        000000
__Lbank5                        bank5        000000
__Lbigbss                       bigbss       000000
__Lbigdata                      bigdata      000000
__Lbigram                       bigram       000000
__Lbss                          bss          000000
__LbssBANK0                     bssBANK0     000000
__LbssBANK1                     bssBANK1     000000
__LbssBANK2                     bssBANK2     000000
__LbssCOMRAM                    bssCOMRAM    000000
__Lcinit                        cinit        000000
__Lclrtext                      clrtext      000000
__Lcomram                       comram       000000
__Lconfig                       config       300000
__Lconst                        const        000000
__LcstackBANK0                  cstackBANK0  000000
__LcstackBANK1                  cstackBANK1  000000
__LcstackCOMRAM                 cstackCOMRAM 000000
__Ldata                         data         000000
__LdataBANK1                    dataBANK1    000000
__Leeprom_data                  eeprom_data  000000
__Lend_init                     end_init     0000B8
__Lfarbss                       farbss       000000
__Lfardata                      fardata      000000
__Libigdata                     ibigdata     000000
__Lidata                        idata        000000
__LidataBANK1                   idataBANK1   000000
__Lidloc                        idloc        000000
__Lifardata                     ifardata     000000
__Linit                         init         0000B8
__Lintcode                      intcode      000008
__Lintcode_body                 intcode_body 000000
__Lintcodelo                    intcodelo    0000B8
__Lintentry                     intentry     000000
__Lintret                       intret       000000
__Lintsave_regs                 intsave_regs 000000
__Lirdata                       irdata       000000
__Lmediumconst                  mediumconst  007E08
__LnvFARRAM                     nvFARRAM     000000
__Lnvbit                        nvbit        000000
__Lnvrram                       nvrram       000000
__Lparam                        rparam       000000
__Lpowerup                      powerup      0000B8
__Lram                          ram          000000
__Lramtop                       ramtop       000600
__Lrbit                         rbit         000000
__Lrbss                         rbss         000000
__Lrdata                        rdata        000000
__Lreset_vec                    reset_vec    000000
__Lrparam                       rparam       000000
__Lsfr                          sfr          000000
__Lsmallconst                   smallconst   000000
__Lstack                        stack        000000
__Lstruct                       struct       000000
__Ltemp                         temp         000000
__Ltext                         text         000000
__Ltext0                        text0        000000
__Ltext1                        text1        000000
__Ltext10                       text10       000000
__Ltext11                       text11       000000
__Ltext12                       text12       000000
__Ltext13                       text13       000000
__Ltext14                       text14       000000
__Ltext15                       text15       000000
__Ltext16                       text16       000000
__Ltext17                       text17       000000
__Ltext18                       text18       000000
__Ltext19                       text19       000000
__Ltext2                        text2        000000
__Ltext20                       text20       000000
__Ltext21                       text21       000000
__Ltext22                       text22       000000
__Ltext23                       text23       000000
__Ltext24                       text24       000000
__Ltext25                       text25       000000
__Ltext26                       text26       000000
__Ltext27                       text27       000000
__Ltext28                       text28       000000
__Ltext29                       text29       000000
__Ltext3                        text3        000000
__Ltext30                       text30       000000
__Ltext31                       text31       000000
__Ltext32                       text32       000000
__Ltext33                       text33       000000
__Ltext34                       text34       000000
__Ltext35                       text35       000000
__Ltext36                       text36       000000
__Ltext37                       text37       000000
__Ltext38                       text38       000000
__Ltext4                        text4        000000
__Ltext40                       text40       000000
__Ltext41                       text41       000000
__Ltext5                        text5        000000
__Ltext6                        text6        000000
__Ltext7                        text7        000000
__Ltext8                        text8        000000
__Ltext9                        text9        000000
__S0                            (abs)        300008
__S1                            (abs)        0002A2
__S2                            (abs)        000000
___asfladd                      text20       0034FA
___asfladd@f1p                  cstackBANK0  00008D
___asfladd@f2                   cstackBANK0  00008F
___asfldiv                      text25       00355C
___asfldiv@f1p                  cstackBANK0  00007D
___asfldiv@f2                   cstackBANK0  00007F
___asflmul                      text19       003498
___asflmul@mp                   cstackBANK0  000080
___asflmul@multiplicand         cstackBANK0  000082
___asflsub                      text17       003436
___asflsub@f1p                  cstackBANK0  00007E
___asflsub@f2                   cstackBANK0  000080
___awdiv                        text7        002C5C
___awdiv@counter                cstackBANK0  000069
___awdiv@dividend               cstackBANK0  000064
___awdiv@divisor                cstackBANK0  000066
___awdiv@quotient               cstackBANK0  00006B
___awdiv@sign                   cstackBANK0  00006A
___awmod                        text6        002FC4
___awmod@counter                cstackCOMRAM 00002A
___awmod@dividend               cstackBANK0  000060
___awmod@divisor                cstackBANK0  000062
___awmod@sign                   cstackCOMRAM 00002B
___awtofl                       text24       0032EA
___awtofl@c                     cstackBANK0  00006A
___awtofl@sign                  cstackCOMRAM 00002A
___fladd                        text21       001E6A
___fladd@exp1                   cstackCOMRAM 00002B
___fladd@exp2                   cstackCOMRAM 00002A
___fladd@f1                     cstackBANK0  00006A
___fladd@f2                     cstackBANK0  00006E
___fladd@sign                   cstackCOMRAM 000029
___fldiv                        text26       0025A6
___fldiv@cntr                   cstackBANK0  00007A
___fldiv@exp                    cstackBANK0  00007B
___fldiv@f1                     cstackBANK0  00006A
___fldiv@f2                     cstackBANK0  00006E
___fldiv@f3                     cstackBANK0  000076
___fldiv@sign                   cstackBANK0  00007C
___flge                         text16       002D92
___flge@ff1                     cstackBANK0  000060
___flge@ff2                     cstackBANK0  000064
___flmul                        text37       00238C
___flmul@cntr                   cstackBANK0  00007E
___flmul@exp                    cstackBANK0  000079
___flmul@f1                     cstackBANK0  00006D
___flmul@f2                     cstackBANK0  000071
___flmul@f3_as_product          cstackBANK0  00007A
___flmul@sign                   cstackBANK0  00007F
___flneg                        text15       00379A
___flneg@f1                     cstackBANK0  000060
___flpack                       text38       00294C
___flpack@arg                   cstackBANK0  000060
___flpack@exp                   cstackBANK0  000064
___flpack@sign                  cstackBANK0  000065
___flsub                        text18       003674
___flsub@f1                     cstackBANK0  000076
___flsub@f2                     cstackBANK0  00007A
___fltol                        text14       002AFE
___fltol@exp1                   cstackBANK0  000092
___fltol@f1                     cstackBANK0  000089
___fltol@sign1                  cstackBANK0  000091
___inthi_sp                     stack        000000
___intlo_sp                     stack        000000
___lldiv                        text13       002EBE
___lldiv@counter                cstackBANK0  00006C
___lldiv@dividend               cstackBANK0  000060
___lldiv@divisor                cstackBANK0  000064
___lldiv@quotient               cstackBANK0  000068
___llmod                        text12       00318A
___llmod@counter                cstackCOMRAM 00002B
___llmod@dividend               cstackBANK0  00006D
___llmod@divisor                cstackBANK0  000071
___lltofl                       text11       00375C
___lltofl@c                     cstackBANK0  00006A
___sp                           stack        000000
___wmul                         text10       0036C4
___wmul@multiplicand            cstackBANK0  000062
___wmul@multiplier              cstackBANK0  000060
___wmul@product                 cstackCOMRAM 000029
__accesstop                     (abs)        000060
__activetblptr                  (abs)        000003
__div_to_l_                     text9        00215E
__div_to_l_@cntr                cstackBANK0  000070
__div_to_l_@exp1                cstackBANK0  000071
__div_to_l_@f1                  cstackBANK0  000060
__div_to_l_@f2                  cstackBANK0  000064
__div_to_l_@quot                cstackBANK0  00006C
__end_of_InterruptHandlerHigh   intcode      0000AC
__end_of_InterruptHandlerLow    intcode_body 0032EA
__end_of_NaslednjiPort          text36       00386A
__end_of_OpenTimer0             text35       00388C
__end_of_OpenUSART              text27       003436
__end_of_ReadBatNo              text33       00361E
__end_of_ReadTimer0             text41       003906
__end_of_ReadUSART              text32       0038AA
__end_of_Read_b_eep             text34       0038E2
__end_of_WriteTimer0            text31       0038D0
__end_of_WriteUSART             text23       0038BE
__end_of___asfladd              text20       00355C
__end_of___asfldiv              text25       0035BE
__end_of___asflmul              text19       0034FA
__end_of___asflsub              text17       003498
__end_of___awdiv                text7        002D92
__end_of___awmod                text6        0030AE
__end_of___awtofl               text24       00335A
__end_of___fladd                text21       00215E
__end_of___fldiv                text26       00277A
__end_of___flge                 text16       002EBE
__end_of___flmul                text37       0025A6
__end_of___flneg                text15       0037D8
__end_of___flpack               text38       002AFE
__end_of___flsub                text18       0036C4
__end_of___fltol                text14       002C5C
__end_of___lldiv                text13       002FC4
__end_of___llmod                text12       003250
__end_of___lltofl               text11       00379A
__end_of___wmul                 text10       003712
__end_of__div_to_l_             text9        00238C
__end_of__initialization        cinit        00366E
__end_of__npowers_              mediumconst  007E3D
__end_of__powers_               mediumconst  007E71
__end_of__stringdata            mediumconst  007FFE
__end_of__tdiv_to_l_            text8        00294C
__end_of_dpowers                mediumconst  007E99
__end_of_fround                 text5        001E6A
__end_of_hexCharToInt           text30       00375C
__end_of_hexToInt               text29       00318A
__end_of_isdigit                text4        003846
__end_of_main                   text0        001AC4
__end_of_memset                 text28       003810
__end_of_putsUSART              text22       0033C8
__end_of_scale                  text3        0012EC
__end_of_sendToMyVehicleApp     text1        0016DE
__end_of_sprintf                text2        000C9C
__end_ofi2_WriteTimer0          text40       0038F4
__initialization                cinit        00361E
__mediumconst                   mediumconst  007E08
__npowers_                      mediumconst  007E09
__pbssBANK0                     bssBANK0     0000D4
__pbssBANK1                     bssBANK1     000100
__pbssBANK2                     bssBANK2     000200
__pbssCOMRAM                    bssCOMRAM    00002C
__pcinit                        cinit        00361E
__pcstackBANK0                  cstackBANK0  000060
__pcstackBANK1                  cstackBANK1  000178
__pcstackCOMRAM                 cstackCOMRAM 000001
__pdataBANK1                    dataBANK1    0001D5
__pidataBANK1                   idataBANK1   003906
__pintcode                      intcode      000008
__pintcode_body                 intcode_body 003250
__pmediumconst                  mediumconst  007E08
__powers_                       mediumconst  007E3D
__ptext0                        text0        0016DE
__ptext1                        text1        0012EC
__ptext10                       text10       0036C4
__ptext11                       text11       00375C
__ptext12                       text12       00318A
__ptext13                       text13       002EBE
__ptext14                       text14       002AFE
__ptext15                       text15       00379A
__ptext16                       text16       002D92
__ptext17                       text17       003436
__ptext18                       text18       003674
__ptext19                       text19       003498
__ptext2                        text2        0000BC
__ptext20                       text20       0034FA
__ptext21                       text21       001E6A
__ptext22                       text22       00335A
__ptext23                       text23       0038AA
__ptext24                       text24       0032EA
__ptext25                       text25       00355C
__ptext26                       text26       0025A6
__ptext27                       text27       0033C8
__ptext28                       text28       0037D8
__ptext29                       text29       0030AE
__ptext3                        text3        000C9C
__ptext30                       text30       003712
__ptext31                       text31       0038BE
__ptext32                       text32       00388C
__ptext33                       text33       0035BE
__ptext34                       text34       0038D0
__ptext35                       text35       00386A
__ptext36                       text36       003846
__ptext37                       text37       00238C
__ptext38                       text38       00294C
__ptext4                        text4        003810
__ptext40                       text40       0038E2
__ptext41                       text41       0038F4
__ptext5                        text5        001AC4
__ptext6                        text6        002FC4
__ptext7                        text7        002C5C
__ptext8                        text8        00277A
__ptext9                        text9        00215E
__ramtop                        ramtop       000600
__size_of_InterruptHandlerHigh  (abs)        000000
__size_of_InterruptHandlerLow   (abs)        000000
__size_of_NaslednjiPort         (abs)        000000
__size_of_OpenTimer0            (abs)        000000
__size_of_OpenUSART             (abs)        000000
__size_of_ReadBatNo             (abs)        000000
__size_of_ReadTimer0            (abs)        000000
__size_of_ReadUSART             (abs)        000000
__size_of_Read_b_eep            (abs)        000000
__size_of_WriteTimer0           (abs)        000000
__size_of_WriteUSART            (abs)        000000
__size_of___asfladd             (abs)        000000
__size_of___asfldiv             (abs)        000000
__size_of___asflmul             (abs)        000000
__size_of___asflsub             (abs)        000000
__size_of___awdiv               (abs)        000000
__size_of___awmod               (abs)        000000
__size_of___awtofl              (abs)        000000
__size_of___fladd               (abs)        000000
__size_of___fldiv               (abs)        000000
__size_of___flge                (abs)        000000
__size_of___flmul               (abs)        000000
__size_of___flneg               (abs)        000000
__size_of___flpack              (abs)        000000
__size_of___flsub               (abs)        000000
__size_of___fltol               (abs)        000000
__size_of___lldiv               (abs)        000000
__size_of___llmod               (abs)        000000
__size_of___lltofl              (abs)        000000
__size_of___wmul                (abs)        000000
__size_of__div_to_l_            (abs)        000000
__size_of__tdiv_to_l_           (abs)        000000
__size_of_fround                (abs)        000000
__size_of_hexCharToInt          (abs)        000000
__size_of_hexToInt              (abs)        000000
__size_of_isdigit               (abs)        000000
__size_of_main                  (abs)        000000
__size_of_memset                (abs)        000000
__size_of_putsUSART             (abs)        000000
__size_of_scale                 (abs)        000000
__size_of_sendToMyVehicleApp    (abs)        000000
__size_of_sprintf               (abs)        000000
__size_ofi2_WriteTimer0         (abs)        000000
__smallconst                    smallconst   000000
__stringdata                    mediumconst  007E99
__tdiv_to_l_                    text8        00277A
__tdiv_to_l_@cntr               cstackBANK0  00006C
__tdiv_to_l_@exp1               cstackBANK0  00006D
__tdiv_to_l_@f1                 cstackBANK0  000060
__tdiv_to_l_@f2                 cstackBANK0  000064
__tdiv_to_l_@quot               cstackBANK0  000068
_cellStatuses                   bssBANK1     000100
_connectedCells                 dataBANK1    0001D5
_dpowers                        mediumconst  007E71
_fround                         text5        001AC4
_fround$2697                    cstackBANK0  000088
_fround$2698                    cstackBANK0  000084
_hexCharToInt                   text30       003712
_hexToInt                       text29       0030AE
_isdigit                        text4        003810
_isdigit$2346                   cstackCOMRAM 00002A
_main                           text0        0016DE
_memset                         text28       0037D8
_node_no                        bssCOMRAM    000037
_putsUSART                      text22       00335A
_rx_cnt                         bssBANK1     00016C
_rx_tic                         bssBANK1     00016D
_scale                          text3        000C9C
_scale$2699                     cstackBANK0  000084
_sendToMyVehicleApp             text1        0012EC
_sprintf                        text2        0000BC
_sprintf$1500                   cstackBANK0  0000AA
_sprintf$2700                   cstackBANK0  0000A6
_tx_cnt                         bssBANK1     00016E
_tx_send                        bssBANK1     00016F
end_of_initialization           cinit        00366E
fround@prec                     cstackBANK0  00008C
hexCharToInt@digit              cstackCOMRAM 00002B
hexToInt@h                      cstackBANK0  000060
hexToInt@i                      cstackBANK0  000066
hexToInt@result                 cstackBANK0  000068
hexToInt@tmp                    cstackBANK0  000064
i2WriteTimer0@timer             cstackCOMRAM 000017
i2WriteTimer0@timer0            cstackCOMRAM 000015
i2_WriteTimer0                  text40       0038E2
int_func                        intcode_body 003250
intlevel0                       text         000000
intlevel1                       text         000000
intlevel2                       text         000000
intlevel3                       text         000000
isdigit@c                       cstackCOMRAM 00002B
memset@c                        cstackBANK0  000062
memset@n                        cstackBANK0  000064
memset@p                        cstackCOMRAM 000029
memset@p1                       cstackBANK0  000060
putsUSART@data                  cstackBANK0  000060
scale@scl                       cstackBANK0  000088
sendToMyVehicleApp@i            cstackBANK1  0001CC
sendToMyVehicleApp@str          cstackBANK1  000178
sendToMyVehicleApp@voltage      cstackBANK1  0001C8
sprintf@_val                    cstackBANK0  0000C0
sprintf@ap                      cstackBANK0  0000B6
sprintf@c                       cstackBANK0  0000CB
sprintf@exp                     cstackBANK0  0000BE
sprintf@f                       cstackBANK0  000099
sprintf@flag                    cstackBANK0  0000B8
sprintf@fval                    cstackBANK0  0000C7
sprintf@integ                   cstackBANK0  0000BA
sprintf@prec                    cstackBANK0  0000C5
sprintf@sp                      cstackBANK0  000097
sprintf@vd                      cstackBANK0  0000AE
sprintf@vd_1502                 cstackBANK0  0000B2
stackhi                         (abs)        0005FF
stacklo                         (abs)        0002A2
start                           init         0000B8
start_initialization            cinit        00361E


FUNCTION INFORMATION:

 *************** function _main *****************
 Defined at:
		line 254 in file "BMS_Master_V2.1.c"
 Parameters:    Size  Location     Type
		None
 Auto vars:     Size  Location     Type
		None
 Return value:  Size  Location     Type
		None               void
 Registers used:
		wreg, fsr0l, fsr0h, fsr1l, fsr1h, fsr1l, fsr1h, fsr2l, fsr2h, status,2, status,0, pclat, btemp, btemp+1, btemp+2, btemp+3, btemp+4, btemp+5, btemp+6, btemp+7, btemp+8, btemp+9, btemp+10, btemp+11, tosl, structret, tblptrl, tblptrh, tblptru, prodl, prodh, bsr, cstack
 Tracked objects:
		On entry : 
		On exit  : 
		Unchanged: 
 Data sizes:     COMRAM   BANK0   BANK1   BANK2   BANK3   BANK4   BANK5
      Params:         0       0       0       0       0       0       0
      Locals:         0       0       0       0       0       0       0
      Temps:          0       0       8       0       0       0       0
      Totals:         0       0       8       0       0       0       0
Total ram usage:        8 bytes
 Hardware stack levels required when called:    8
 This function calls:
		_NaslednjiPort
		_OpenTimer0
		_OpenUSART
		_ReadBatNo
		_ReadUSART
		_WriteTimer0
		_hexToInt
		_memset
		_sendToMyVehicleApp
 This function is called by:
		Startup code after reset
 This function uses a non-reentrant model


 *************** function _sendToMyVehicleApp *****************
 Defined at:
		line 7 in file "MyEvApp.c"
 Parameters:    Size  Location     Type
		None
 Auto vars:     Size  Location     Type
  i               1   84[BANK1 ] char 
  str            80    0[BANK1 ] char [80]
  voltage         4   80[BANK1 ] float 
 Return value:  Size  Location     Type
		None               void
 Registers used:
		wreg, fsr0l, fsr0h, fsr1l, fsr1h, fsr1l, fsr1h, fsr2l, fsr2h, status,2, status,0, pclat, btemp, btemp+1, btemp+2, btemp+3, btemp+4, btemp+5, btemp+6, btemp+7, btemp+8, btemp+9, btemp+10, btemp+11, tosl, structret, tblptrl, tblptrh, tblptru, prodl, prodh, bsr, cstack
 Tracked objects:
		On entry : 
		On exit  : 
		Unchanged: 
 Data sizes:     COMRAM   BANK0   BANK1   BANK2   BANK3   BANK4   BANK5
      Params:         0       0       0       0       0       0       0
      Locals:         0       0      85       0       0       0       0
      Temps:          0       8       0       0       0       0       0
      Totals:         0       8      85       0       0       0       0
Total ram usage:       93 bytes
 Hardware stack levels used:    1
 Hardware stack levels required when called:    7
 This function calls:
		_OpenUSART
		___asfldiv
		___awtofl
		___flge
		_putsUSART
		_sprintf
 This function is called by:
		_main
 This function uses a non-reentrant model


 *************** function _sprintf *****************
 Defined at:
		line 492 in file "C:\Program Files\Microchip\xc8\v1.30\sources\common\doprnt.c"
 Parameters:    Size  Location     Type
  sp              2   55[BANK0 ] PTR char 
		 -> sendToMyVehicleApp@str(80), 
  f               3   57[BANK0 ] PTR const char 
		 -> STR_11(7), STR_9(3), 
 Auto vars:     Size  Location     Type
  vd              4   78[BANK0 ] unsigned long 
  vd              4   82[BANK0 ] unsigned long 
  _val            5   96[BANK0 ] struct .
  fval            4  103[BANK0 ] struct .
  integ           4   90[BANK0 ] struct .
  ival            4    0        struct .
  prec            2  101[BANK0 ] int 
  exp             2   94[BANK0 ] int 
  flag            2   88[BANK0 ] unsigned short 
  ap              2   86[BANK0 ] PTR void [1]
		 -> ?_sprintf(2), 
  width           2    0        int 
  c               1  107[BANK0 ] char 
  d               1    0        char 
 Return value:  Size  Location     Type
                  2   55[BANK0 ] int 
 Registers used:
		wreg, fsr2l, fsr2h, status,2, status,0, tblptrl, tblptrh, tblptru, prodl, prodh, cstack
 Tracked objects:
		On entry : 
		On exit  : 
		Unchanged: 
 Data sizes:     COMRAM   BANK0   BANK1   BANK2   BANK3   BANK4   BANK5
      Params:         0       9       0       0       0       0       0
      Locals:         0      38       0       0       0       0       0
      Temps:          0       6       0       0       0       0       0
      Totals:         0      53       0       0       0       0       0
Total ram usage:       53 bytes
 Hardware stack levels used:    1
 Hardware stack levels required when called:    6
 This function calls:
		___asfladd
		___asflmul
		___asflsub
		___awdiv
		___flge
		___flmul
		___flneg
		___fltol
		___lldiv
		___llmod
		___lltofl
		___wmul
		__div_to_l_
		__tdiv_to_l_
		_fround
		_isdigit
		_scale
 This function is called by:
		_sendToMyVehicleApp
 This function uses a non-reentrant model


 *************** function _scale *****************
 Defined at:
		line 425 in file "C:\Program Files\Microchip\xc8\v1.30\sources\common\doprnt.c"
 Parameters:    Size  Location     Type
  scl             1    wreg     char 
 Auto vars:     Size  Location     Type
  scl             1   40[BANK0 ] char 
 Return value:  Size  Location     Type
                  4   32[BANK0 ] char 
 Registers used:
		wreg, status,2, status,0, tblptrl, tblptrh, tblptru, prodl, prodh, cstack
 Tracked objects:
		On entry : 
		On exit  : 
		Unchanged: 
 Data sizes:     COMRAM   BANK0   BANK1   BANK2   BANK3   BANK4   BANK5
      Params:         0       4       0       0       0       0       0
      Locals:         0       5       0       0       0       0       0
      Temps:          0       0       0       0       0       0       0
      Totals:         0       9       0       0       0       0       0
Total ram usage:        9 bytes
 Hardware stack levels used:    1
 Hardware stack levels required when called:    4
 This function calls:
		___awdiv
		___awmod
		___flmul
 This function is called by:
		_sprintf
 This function uses a non-reentrant model


 *************** function _isdigit *****************
 Defined at:
		line 8 in file "C:\Program Files\Microchip\xc8\v1.30\sources\common\isdigit.c"
 Parameters:    Size  Location     Type
  c               1    wreg     char 
 Auto vars:     Size  Location     Type
  c               1   42[COMRAM] char 
 Return value:  Size  Location     Type
		None               void
 Registers used:
		wreg, status,2, status,0
 Tracked objects:
		On entry : 
		On exit  : 
		Unchanged: 
 Data sizes:     COMRAM   BANK0   BANK1   BANK2   BANK3   BANK4   BANK5
      Params:         0       0       0       0       0       0       0
      Locals:         2       0       0       0       0       0       0
      Temps:          1       0       0       0       0       0       0
      Totals:         3       0       0       0       0       0       0
Total ram usage:        3 bytes
 Hardware stack levels used:    1
 Hardware stack levels required when called:    2
 This function calls:
		Nothing
 This function is called by:
		_sprintf
 This function uses a non-reentrant model


 *************** function _fround *****************
 Defined at:
		line 409 in file "C:\Program Files\Microchip\xc8\v1.30\sources\common\doprnt.c"
 Parameters:    Size  Location     Type
  prec            1    wreg     unsigned char 
 Auto vars:     Size  Location     Type
  prec            1   44[BANK0 ] unsigned char 
 Return value:  Size  Location     Type
                  4   32[BANK0 ] unsigned char 
 Registers used:
		wreg, status,2, status,0, tblptrl, tblptrh, tblptru, prodl, prodh, cstack
 Tracked objects:
		On entry : 
		On exit  : 
		Unchanged: 
 Data sizes:     COMRAM   BANK0   BANK1   BANK2   BANK3   BANK4   BANK5
      Params:         0       4       0       0       0       0       0
      Locals:         0       9       0       0       0       0       0
      Temps:          0       0       0       0       0       0       0
      Totals:         0      13       0       0       0       0       0
Total ram usage:       13 bytes
 Hardware stack levels used:    1
 Hardware stack levels required when called:    4
 This function calls:
		___awdiv
		___awmod
		___flmul
 This function is called by:
		_sprintf
 This function uses a non-reentrant model


 *************** function ___awmod *****************
 Defined at:
		line 8 in file "C:\Program Files\Microchip\xc8\v1.30\sources\common\awmod.c"
 Parameters:    Size  Location     Type
  dividend        2    0[BANK0 ] int 
  divisor         2    2[BANK0 ] int 
 Auto vars:     Size  Location     Type
  sign            1   42[COMRAM] unsigned char 
  counter         1   41[COMRAM] unsigned char 
 Return value:  Size  Location     Type
                  2    0[BANK0 ] int 
 Registers used:
		wreg, status,2, status,0, prodl
 Tracked objects:
		On entry : 
		On exit  : 
		Unchanged: 
 Data sizes:     COMRAM   BANK0   BANK1   BANK2   BANK3   BANK4   BANK5
      Params:         0       4       0       0       0       0       0
      Locals:         2       0       0       0       0       0       0
      Temps:          1       0       0       0       0       0       0
      Totals:         3       4       0       0       0       0       0
Total ram usage:        7 bytes
 Hardware stack levels used:    1
 Hardware stack levels required when called:    2
 This function calls:
		Nothing
 This function is called by:
		_fround
		_scale
 This function uses a non-reentrant model


 *************** function ___awdiv *****************
 Defined at:
		line 8 in file "C:\Program Files\Microchip\xc8\v1.30\sources\common\awdiv.c"
 Parameters:    Size  Location     Type
  dividend        2    4[BANK0 ] int 
  divisor         2    6[BANK0 ] int 
 Auto vars:     Size  Location     Type
  quotient        2   11[BANK0 ] int 
  sign            1   10[BANK0 ] unsigned char 
  counter         1    9[BANK0 ] unsigned char 
 Return value:  Size  Location     Type
                  2    4[BANK0 ] int 
 Registers used:
		wreg, status,2, status,0, prodl
 Tracked objects:
		On entry : 
		On exit  : 
		Unchanged: 
 Data sizes:     COMRAM   BANK0   BANK1   BANK2   BANK3   BANK4   BANK5
      Params:         0       4       0       0       0       0       0
      Locals:         0       4       0       0       0       0       0
      Temps:          0       1       0       0       0       0       0
      Totals:         0       9       0       0       0       0       0
Total ram usage:        9 bytes
 Hardware stack levels used:    1
 Hardware stack levels required when called:    2
 This function calls:
		Nothing
 This function is called by:
		_fround
		_scale
		_sprintf
 This function uses a non-reentrant model


 *************** function __tdiv_to_l_ *****************
 Defined at:
		line 60 in file "C:\Program Files\Microchip\xc8\v1.30\sources\common\ftdivl.c"
 Parameters:    Size  Location     Type
  f1              4    0[BANK0 ] float 
  f2              4    4[BANK0 ] float 
 Auto vars:     Size  Location     Type
  quot            4    8[BANK0 ] unsigned long 
  exp1            1   13[BANK0 ] unsigned char 
  cntr            1   12[BANK0 ] unsigned char 
 Return value:  Size  Location     Type
                  4    0[BANK0 ] unsigned long 
 Registers used:
		wreg, status,2, status,0
 Tracked objects:
		On entry : 
		On exit  : 
		Unchanged: 
 Data sizes:     COMRAM   BANK0   BANK1   BANK2   BANK3   BANK4   BANK5
      Params:         0       8       0       0       0       0       0
      Locals:         0       6       0       0       0       0       0
      Temps:          3       0       0       0       0       0       0
      Totals:         3      14       0       0       0       0       0
Total ram usage:       17 bytes
 Hardware stack levels used:    1
 Hardware stack levels required when called:    2
 This function calls:
		Nothing
 This function is called by:
		_sprintf
 This function uses a non-reentrant model


 *************** function __div_to_l_ *****************
 Defined at:
		line 60 in file "C:\Program Files\Microchip\xc8\v1.30\sources\common\fldivl.c"
 Parameters:    Size  Location     Type
  f1              4    0[BANK0 ] unsigned long 
  f2              4    4[BANK0 ] unsigned long 
 Auto vars:     Size  Location     Type
  quot            4   12[BANK0 ] unsigned long 
  exp1            1   17[BANK0 ] unsigned char 
  cntr            1   16[BANK0 ] unsigned char 
 Return value:  Size  Location     Type
                  4    0[BANK0 ] unsigned long 
 Registers used:
		wreg, status,2, status,0
 Tracked objects:
		On entry : 
		On exit  : 
		Unchanged: 
 Data sizes:     COMRAM   BANK0   BANK1   BANK2   BANK3   BANK4   BANK5
      Params:         0       8       0       0       0       0       0
      Locals:         0       6       0       0       0       0       0
      Temps:          0       4       0       0       0       0       0
      Totals:         0      18       0       0       0       0       0
Total ram usage:       18 bytes
 Hardware stack levels used:    1
 Hardware stack levels required when called:    2
 This function calls:
		Nothing
 This function is called by:
		_sprintf
 This function uses a non-reentrant model


 *************** function ___wmul *****************
 Defined at:
		line 4 in file "C:\Program Files\Microchip\xc8\v1.30\sources\common\wmul.c"
 Parameters:    Size  Location     Type
  multiplier      2    0[BANK0 ] unsigned int 
  multiplicand    2    2[BANK0 ] unsigned int 
 Auto vars:     Size  Location     Type
  product         2   40[COMRAM] unsigned int 
 Return value:  Size  Location     Type
                  2    0[BANK0 ] unsigned int 
 Registers used:
		wreg, status,2, status,0
 Tracked objects:
		On entry : 
		On exit  : 
		Unchanged: 
 Data sizes:     COMRAM   BANK0   BANK1   BANK2   BANK3   BANK4   BANK5
      Params:         0       4       0       0       0       0       0
      Locals:         2       0       0       0       0       0       0
      Temps:          0       0       0       0       0       0       0
      Totals:         2       4       0       0       0       0       0
Total ram usage:        6 bytes
 Hardware stack levels used:    1
 Hardware stack levels required when called:    2
 This function calls:
		Nothing
 This function is called by:
		_sprintf
 This function uses a non-reentrant model


 *************** function ___lltofl *****************
 Defined at:
		line 30 in file "C:\Program Files\Microchip\xc8\v1.30\sources\common\lltofl.c"
 Parameters:    Size  Location     Type
  c               4   10[BANK0 ] unsigned long 
 Auto vars:     Size  Location     Type
		None
 Return value:  Size  Location     Type
                  4   10[BANK0 ] unsigned long 
 Registers used:
		wreg, status,2, status,0, cstack
 Tracked objects:
		On entry : 
		On exit  : 
		Unchanged: 
 Data sizes:     COMRAM   BANK0   BANK1   BANK2   BANK3   BANK4   BANK5
      Params:         0       4       0       0       0       0       0
      Locals:         0       0       0       0       0       0       0
      Temps:          2       0       0       0       0       0       0
      Totals:         2       4       0       0       0       0       0
Total ram usage:        6 bytes
 Hardware stack levels used:    1
 Hardware stack levels required when called:    3
 This function calls:
		___flpack
 This function is called by:
		_sprintf
 This function uses a non-reentrant model


 *************** function ___llmod *****************
 Defined at:
		line 8 in file "C:\Program Files\Microchip\xc8\v1.30\sources\common\llmod.c"
 Parameters:    Size  Location     Type
  dividend        4   13[BANK0 ] unsigned long 
  divisor         4   17[BANK0 ] unsigned long 
 Auto vars:     Size  Location     Type
  counter         1   42[COMRAM] unsigned char 
 Return value:  Size  Location     Type
                  4   13[BANK0 ] unsigned long 
 Registers used:
		wreg, status,2, status,0
 Tracked objects:
		On entry : 
		On exit  : 
		Unchanged: 
 Data sizes:     COMRAM   BANK0   BANK1   BANK2   BANK3   BANK4   BANK5
      Params:         0       8       0       0       0       0       0
      Locals:         1       0       0       0       0       0       0
      Temps:          1       0       0       0       0       0       0
      Totals:         2       8       0       0       0       0       0
Total ram usage:       10 bytes
 Hardware stack levels used:    1
 Hardware stack levels required when called:    2
 This function calls:
		Nothing
 This function is called by:
		_sprintf
 This function uses a non-reentrant model


 *************** function ___lldiv *****************
 Defined at:
		line 8 in file "C:\Program Files\Microchip\xc8\v1.30\sources\common\lldiv.c"
 Parameters:    Size  Location     Type
  dividend        4    0[BANK0 ] unsigned long 
  divisor         4    4[BANK0 ] unsigned long 
 Auto vars:     Size  Location     Type
  quotient        4    8[BANK0 ] unsigned long 
  counter         1   12[BANK0 ] unsigned char 
 Return value:  Size  Location     Type
                  4    0[BANK0 ] unsigned long 
 Registers used:
		wreg, status,2, status,0
 Tracked objects:
		On entry : 
		On exit  : 
		Unchanged: 
 Data sizes:     COMRAM   BANK0   BANK1   BANK2   BANK3   BANK4   BANK5
      Params:         0       8       0       0       0       0       0
      Locals:         0       5       0       0       0       0       0
      Temps:          1       0       0       0       0       0       0
      Totals:         1      13       0       0       0       0       0
Total ram usage:       14 bytes
 Hardware stack levels used:    1
 Hardware stack levels required when called:    2
 This function calls:
		Nothing
 This function is called by:
		_sprintf
 This function uses a non-reentrant model


 *************** function ___fltol *****************
 Defined at:
		line 43 in file "C:\Program Files\Microchip\xc8\v1.30\sources\common\fltol.c"
 Parameters:    Size  Location     Type
  f1              4   41[BANK0 ] unsigned long 
 Auto vars:     Size  Location     Type
  exp1            1   50[BANK0 ] unsigned char 
  sign1           1   49[BANK0 ] unsigned char 
 Return value:  Size  Location     Type
                  4   41[BANK0 ] long 
 Registers used:
		wreg, status,2, status,0
 Tracked objects:
		On entry : 
		On exit  : 
		Unchanged: 
 Data sizes:     COMRAM   BANK0   BANK1   BANK2   BANK3   BANK4   BANK5
      Params:         0       4       0       0       0       0       0
      Locals:         0       2       0       0       0       0       0
      Temps:          0       4       0       0       0       0       0
      Totals:         0      10       0       0       0       0       0
Total ram usage:       10 bytes
 Hardware stack levels used:    1
 Hardware stack levels required when called:    2
 This function calls:
		Nothing
 This function is called by:
		_sprintf
 This function uses a non-reentrant model


 *************** function ___flneg *****************
 Defined at:
		line 15 in file "C:\Program Files\Microchip\xc8\v1.30\sources\common\flneg.c"
 Parameters:    Size  Location     Type
  f1              4    0[BANK0 ] long 
 Auto vars:     Size  Location     Type
		None
 Return value:  Size  Location     Type
                  4    0[BANK0 ] long 
 Registers used:
		wreg, fsr2l, fsr2h, status,2, status,0
 Tracked objects:
		On entry : 
		On exit  : 
		Unchanged: 
 Data sizes:     COMRAM   BANK0   BANK1   BANK2   BANK3   BANK4   BANK5
      Params:         0       4       0       0       0       0       0
      Locals:         0       0       0       0       0       0       0
      Temps:          0       0       0       0       0       0       0
      Totals:         0       4       0       0       0       0       0
Total ram usage:        4 bytes
 Hardware stack levels used:    1
 Hardware stack levels required when called:    2
 This function calls:
		Nothing
 This function is called by:
		_sprintf
 This function uses a non-reentrant model


 *************** function ___flge *****************
 Defined at:
		line 4 in file "C:\Program Files\Microchip\xc8\v1.30\sources\common\flge.c"
 Parameters:    Size  Location     Type
  ff1             4    0[BANK0 ] long 
  ff2             4    4[BANK0 ] long 
 Auto vars:     Size  Location     Type
		None
 Return value:  Size  Location     Type
		None               void
 Registers used:
		wreg, status,2, status,0
 Tracked objects:
		On entry : 
		On exit  : 
		Unchanged: 
 Data sizes:     COMRAM   BANK0   BANK1   BANK2   BANK3   BANK4   BANK5
      Params:         0       8       0       0       0       0       0
      Locals:         0       0       0       0       0       0       0
      Temps:          0       4       0       0       0       0       0
      Totals:         0      12       0       0       0       0       0
Total ram usage:       12 bytes
 Hardware stack levels used:    1
 Hardware stack levels required when called:    2
 This function calls:
		Nothing
 This function is called by:
		_sendToMyVehicleApp
		_sprintf
 This function uses a non-reentrant model


 *************** function ___asflsub *****************
 Defined at:
		line 4 in file "C:\Program Files\Microchip\xc8\v1.30\sources\pic18\asflsub.c"
 Parameters:    Size  Location     Type
  f1p             2   30[BANK0 ] PTR 
		 -> sprintf@fval(4), 
  f2              4   32[BANK0 ] PTR 
 Auto vars:     Size  Location     Type
		None
 Return value:  Size  Location     Type
                  4   30[BANK0 ] PTR 
 Registers used:
		wreg, fsr2l, fsr2h, status,2, status,0, cstack
 Tracked objects:
		On entry : 
		On exit  : 
		Unchanged: 
 Data sizes:     COMRAM   BANK0   BANK1   BANK2   BANK3   BANK4   BANK5
      Params:         0       6       0       0       0       0       0
      Locals:         0       0       0       0       0       0       0
      Temps:          0       4       0       0       0       0       0
      Totals:         0      10       0       0       0       0       0
Total ram usage:       10 bytes
 Hardware stack levels used:    1
 Hardware stack levels required when called:    5
 This function calls:
		___flsub
 This function is called by:
		_sprintf
 This function uses a non-reentrant model


 *************** function ___flsub *****************
 Defined at:
		line 20 in file "C:\Program Files\Microchip\xc8\v1.30\sources\common\flsub.c"
 Parameters:    Size  Location     Type
  f1              4   22[BANK0 ] PTR 
  f2              4   26[BANK0 ] PTR 
 Auto vars:     Size  Location     Type
		None
 Return value:  Size  Location     Type
                  4   22[BANK0 ] PTR 
 Registers used:
		wreg, status,2, status,0, cstack
 Tracked objects:
		On entry : 
		On exit  : 
		Unchanged: 
 Data sizes:     COMRAM   BANK0   BANK1   BANK2   BANK3   BANK4   BANK5
      Params:         0       8       0       0       0       0       0
      Locals:         0       0       0       0       0       0       0
      Temps:          0       0       0       0       0       0       0
      Totals:         0       8       0       0       0       0       0
Total ram usage:        8 bytes
 Hardware stack levels used:    1
 Hardware stack levels required when called:    4
 This function calls:
		___fladd
 This function is called by:
		___asflsub
 This function uses a non-reentrant model


 *************** function ___asflmul *****************
 Defined at:
		line 4 in file "C:\Program Files\Microchip\xc8\v1.30\sources\pic18\asflmul.c"
 Parameters:    Size  Location     Type
  mp              2   32[BANK0 ] PTR 
		 -> sprintf@integ(4), 
  multiplicand    4   34[BANK0 ] PTR 
 Auto vars:     Size  Location     Type
		None
 Return value:  Size  Location     Type
                  4   32[BANK0 ] PTR 
 Registers used:
		wreg, fsr2l, fsr2h, status,2, status,0, cstack
 Tracked objects:
		On entry : 
		On exit  : 
		Unchanged: 
 Data sizes:     COMRAM   BANK0   BANK1   BANK2   BANK3   BANK4   BANK5
      Params:         0       6       0       0       0       0       0
      Locals:         0       0       0       0       0       0       0
      Temps:          0       4       0       0       0       0       0
      Totals:         0      10       0       0       0       0       0
Total ram usage:       10 bytes
 Hardware stack levels used:    1
 Hardware stack levels required when called:    4
 This function calls:
		___flmul
 This function is called by:
		_sprintf
 This function uses a non-reentrant model


 *************** function ___asfladd *****************
 Defined at:
		line 4 in file "C:\Program Files\Microchip\xc8\v1.30\sources\pic18\asfladd.c"
 Parameters:    Size  Location     Type
  f1p             2   45[BANK0 ] PTR 
		 -> sprintf@fval(4), 
  f2              4   47[BANK0 ] PTR 
 Auto vars:     Size  Location     Type
		None
 Return value:  Size  Location     Type
                  4   45[BANK0 ] PTR 
 Registers used:
		wreg, fsr2l, fsr2h, status,2, status,0, cstack
 Tracked objects:
		On entry : 
		On exit  : 
		Unchanged: 
 Data sizes:     COMRAM   BANK0   BANK1   BANK2   BANK3   BANK4   BANK5
      Params:         0       6       0       0       0       0       0
      Locals:         0       0       0       0       0       0       0
      Temps:          0       4       0       0       0       0       0
      Totals:         0      10       0       0       0       0       0
Total ram usage:       10 bytes
 Hardware stack levels used:    1
 Hardware stack levels required when called:    4
 This function calls:
		___fladd
 This function is called by:
		_sprintf
 This function uses a non-reentrant model


 *************** function ___fladd *****************
 Defined at:
		line 88 in file "C:\Program Files\Microchip\xc8\v1.30\sources\common\fladd.c"
 Parameters:    Size  Location     Type
  f1              4   10[BANK0 ] PTR 
  f2              4   14[BANK0 ] PTR 
 Auto vars:     Size  Location     Type
  exp1            1   42[COMRAM] unsigned char 
  exp2            1   41[COMRAM] unsigned char 
  sign            1   40[COMRAM] unsigned char 
 Return value:  Size  Location     Type
                  4   10[BANK0 ] unsigned char 
 Registers used:
		wreg, status,2, status,0, cstack
 Tracked objects:
		On entry : 
		On exit  : 
		Unchanged: 
 Data sizes:     COMRAM   BANK0   BANK1   BANK2   BANK3   BANK4   BANK5
      Params:         0       8       0       0       0       0       0
      Locals:         3       0       0       0       0       0       0
      Temps:          0       4       0       0       0       0       0
      Totals:         3      12       0       0       0       0       0
Total ram usage:       15 bytes
 Hardware stack levels used:    1
 Hardware stack levels required when called:    3
 This function calls:
		___flpack
 This function is called by:
		___asfladd
		___flsub
 This function uses a non-reentrant model


 *************** function _putsUSART *****************
 Defined at:
		line 14 in file "C:\Program Files\Microchip\xc8\v1.30\sources\pic18\plib\USART\uputs.c"
 Parameters:    Size  Location     Type
  data            3    0[BANK0 ] PTR char 
		 -> STR_15(4), STR_14(40), STR_13(9), STR_12(9), 
		 -> STR_10(5), sendToMyVehicleApp@str(80), STR_8(9), STR_7(73), 
		 -> STR_6(40), STR_5(37), STR_4(97), STR_3(42), 
		 -> STR_2(19), STR_1(3), 
 Auto vars:     Size  Location     Type
		None
 Return value:  Size  Location     Type
		None               void
 Registers used:
		wreg, fsr0l, fsr0h, status,2, status,0, tblptrl, tblptrh, tblptru, cstack
 Tracked objects:
		On entry : 
		On exit  : 
		Unchanged: 
 Data sizes:     COMRAM   BANK0   BANK1   BANK2   BANK3   BANK4   BANK5
      Params:         0       3       0       0       0       0       0
      Locals:         0       0       0       0       0       0       0
      Temps:          0       0       0       0       0       0       0
      Totals:         0       3       0       0       0       0       0
Total ram usage:        3 bytes
 Hardware stack levels used:    1
 Hardware stack levels required when called:    3
 This function calls:
		_WriteUSART
 This function is called by:
		_sendToMyVehicleApp
 This function uses a non-reentrant model


 *************** function _WriteUSART *****************
 Defined at:
		line 13 in file "C:\Program Files\Microchip\xc8\v1.30\sources\pic18\plib\USART\uwrite.c"
 Parameters:    Size  Location     Type
  data            1    wreg     char 
 Auto vars:     Size  Location     Type
  data            1   40[COMRAM] char 
 Return value:  Size  Location     Type
		None               void
 Registers used:
		wreg
 Tracked objects:
		On entry : 
		On exit  : 
		Unchanged: 
 Data sizes:     COMRAM   BANK0   BANK1   BANK2   BANK3   BANK4   BANK5
      Params:         0       0       0       0       0       0       0
      Locals:         1       0       0       0       0       0       0
      Temps:          0       0       0       0       0       0       0
      Totals:         1       0       0       0       0       0       0
Total ram usage:        1 bytes
 Hardware stack levels used:    1
 Hardware stack levels required when called:    2
 This function calls:
		Nothing
 This function is called by:
		_putsUSART
 This function uses a non-reentrant model


 *************** function ___awtofl *****************
 Defined at:
		line 31 in file "C:\Program Files\Microchip\xc8\v1.30\sources\common\awtofl.c"
 Parameters:    Size  Location     Type
  c               2   10[BANK0 ] int 
 Auto vars:     Size  Location     Type
  f1              4    0        int 
  sign            1   41[COMRAM] char 
 Return value:  Size  Location     Type
                  4   10[BANK0 ] char 
 Registers used:
		wreg, status,2, status,0, prodl, cstack
 Tracked objects:
		On entry : 
		On exit  : 
		Unchanged: 
 Data sizes:     COMRAM   BANK0   BANK1   BANK2   BANK3   BANK4   BANK5
      Params:         0       4       0       0       0       0       0
      Locals:         1       0       0       0       0       0       0
      Temps:          1       0       0       0       0       0       0
      Totals:         2       4       0       0       0       0       0
Total ram usage:        6 bytes
 Hardware stack levels used:    1
 Hardware stack levels required when called:    3
 This function calls:
		___flpack
 This function is called by:
		_sendToMyVehicleApp
 This function uses a non-reentrant model


 *************** function ___asfldiv *****************
 Defined at:
		line 4 in file "C:\Program Files\Microchip\xc8\v1.30\sources\pic18\asfldiv.c"
 Parameters:    Size  Location     Type
  f1p             2   29[BANK0 ] PTR 
		 -> sendToMyVehicleApp@voltage(4), 
[...]
      Params:         2       0       0       0       0       0       0
      Locals:         0       2       0       0       0       0       0
      Temps:          0       0       0       0       0       0       0
      Totals:         2       2       0       0       0       0       0
Total ram usage:        4 bytes
 Hardware stack levels used:    1
 Hardware stack levels required when called:    2
 This function calls:
		Nothing
 This function is called by:
		_main
 This function uses a non-reentrant model


 *************** function _ReadUSART *****************
 Defined at:
		line 15 in file "C:\Program Files\Microchip\xc8\v1.30\sources\pic18\plib\USART\uread.c"
 Parameters:    Size  Location     Type
		None
 Auto vars:     Size  Location     Type
  data            1   40[COMRAM] char 
 Return value:  Size  Location     Type
                  1    wreg      char 
 Registers used:
		wreg, status,2, status,0
 Tracked objects:
		On entry : 
		On exit  : 
		Unchanged: 
 Data sizes:     COMRAM   BANK0   BANK1   BANK2   BANK3   BANK4   BANK5
      Params:         0       0       0       0       0       0       0
      Locals:         1       0       0       0       0       0       0
      Temps:          0       0       0       0       0       0       0
      Totals:         1       0       0       0       0       0       0
Total ram usage:        1 bytes
 Hardware stack levels used:    1
 Hardware stack levels required when called:    2
 This function calls:
		Nothing
 This function is called by:
		_main
 This function uses a non-reentrant model


 *************** function _ReadBatNo *****************
 Defined at:
		line 139 in file "BMS_Master_V2.1.c"
 Parameters:    Size  Location     Type
		None
 Auto vars:     Size  Location     Type
  a               2    0[BANK0 ] unsigned int 
  i               1    2[BANK0 ] unsigned char 
 Return value:  Size  Location     Type
		None               void
 Registers used:
		wreg, fsr2l, fsr2h, status,2, status,0, prodl, prodh, cstack
 Tracked objects:
		On entry : 
		On exit  : 
		Unchanged: 
 Data sizes:     COMRAM   BANK0   BANK1   BANK2   BANK3   BANK4   BANK5
      Params:         0       0       0       0       0       0       0
      Locals:         0       3       0       0       0       0       0
      Temps:          1       0       0       0       0       0       0
      Totals:         1       3       0       0       0       0       0
Total ram usage:        4 bytes
 Hardware stack levels used:    1
 Hardware stack levels required when called:    3
 This function calls:
		_Read_b_eep
 This function is called by:
		_main
 This function uses a non-reentrant model


 *************** function _Read_b_eep *****************
 Defined at:
		line 23 in file "C:\Program Files\Microchip\xc8\v1.30\sources\pic18\plib\EEP\read_B.c"
 Parameters:    Size  Location     Type
  badd            2   40[COMRAM] unsigned int 
 Auto vars:     Size  Location     Type
		None
 Return value:  Size  Location     Type
                  1    wreg      unsigned char 
 Registers used:
		wreg, status,2
 Tracked objects:
		On entry : 
		On exit  : 
		Unchanged: 
 Data sizes:     COMRAM   BANK0   BANK1   BANK2   BANK3   BANK4   BANK5
      Params:         2       0       0       0       0       0       0
      Locals:         0       0       0       0       0       0       0
      Temps:          0       0       0       0       0       0       0
      Totals:         2       0       0       0       0       0       0
Total ram usage:        2 bytes
 Hardware stack levels used:    1
 Hardware stack levels required when called:    2
 This function calls:
		Nothing
 This function is called by:
		_ReadBatNo
 This function uses a non-reentrant model


 *************** function _OpenTimer0 *****************
 Defined at:
		line 18 in file "C:\Program Files\Microchip\xc8\v1.30\sources\pic18\plib\Timers\t0open.c"
 Parameters:    Size  Location     Type
  config          1    wreg     unsigned char 
 Auto vars:     Size  Location     Type
  config          1   40[COMRAM] unsigned char 
 Return value:  Size  Location     Type
		None               void
 Registers used:
		wreg, status,2, status,0
 Tracked objects:
		On entry : 
		On exit  : 
		Unchanged: 
 Data sizes:     COMRAM   BANK0   BANK1   BANK2   BANK3   BANK4   BANK5
      Params:         0       0       0       0       0       0       0
      Locals:         1       0       0       0       0       0       0
      Temps:          0       0       0       0       0       0       0
      Totals:         1       0       0       0       0       0       0
Total ram usage:        1 bytes
 Hardware stack levels used:    1
 Hardware stack levels required when called:    2
 This function calls:
		Nothing
 This function is called by:
		_main
 This function uses a non-reentrant model


 *************** function _NaslednjiPort *****************
 Defined at:
		line 225 in file "BMS_Master_V2.1.c"
 Parameters:    Size  Location     Type
		None
 Auto vars:     Size  Location     Type
  LocalcellSta    4    0[BANK0 ] unsigned long 
  j               1    0        char 
 Return value:  Size  Location     Type
		None               void
 Registers used:
		wreg, status,2, status,0
 Tracked objects:
		On entry : 
		On exit  : 
		Unchanged: 
 Data sizes:     COMRAM   BANK0   BANK1   BANK2   BANK3   BANK4   BANK5
      Params:         0       0       0       0       0       0       0
      Locals:         0       4       0       0       0       0       0
      Temps:          1       0       0       0       0       0       0
      Totals:         1       4       0       0       0       0       0
Total ram usage:        5 bytes
 Hardware stack levels used:    1
 Hardware stack levels required when called:    2
 This function calls:
		Nothing
 This function is called by:
		_main
 This function uses a non-reentrant model


 *************** function ___flmul *****************
 Defined at:
		line 50 in file "C:\Program Files\Microchip\xc8\v1.30\sources\common\flmul.c"
 Parameters:    Size  Location     Type
  f1              4   13[BANK0 ] char 
  f2              4   17[BANK0 ] char 
 Auto vars:     Size  Location     Type
  f3_as_produc    4   26[BANK0 ] unsigned long 
  sign            1   31[BANK0 ] unsigned char 
  cntr            1   30[BANK0 ] unsigned char 
  exp             1   25[BANK0 ] unsigned char 
 Return value:  Size  Location     Type
                  4   13[BANK0 ] unsigned char 
 Registers used:
		wreg, status,2, status,0, cstack
 Tracked objects:
		On entry : 
		On exit  : 
		Unchanged: 
 Data sizes:     COMRAM   BANK0   BANK1   BANK2   BANK3   BANK4   BANK5
      Params:         0       8       0       0       0       0       0
      Locals:         0       7       0       0       0       0       0
      Temps:          0       4       0       0       0       0       0
      Totals:         0      19       0       0       0       0       0
Total ram usage:       19 bytes
 Hardware stack levels used:    1
 Hardware stack levels required when called:    3
 This function calls:
		___flpack
 This function is called by:
		_fround
		_scale
		_sprintf
		___asflmul
 This function uses a non-reentrant model


 *************** function ___flpack *****************
 Defined at:
		line 63 in file "C:\Program Files\Microchip\xc8\v1.30\sources\common\double.c"
 Parameters:    Size  Location     Type
  arg             4    0[BANK0 ] unsigned long 
  exp             1    4[BANK0 ] unsigned char 
  sign            1    5[BANK0 ] unsigned char 
 Auto vars:     Size  Location     Type
		None
 Return value:  Size  Location     Type
                  4    0[BANK0 ] unsigned char 
 Registers used:
		wreg, status,2, status,0
 Tracked objects:
		On entry : 
		On exit  : 
		Unchanged: 
 Data sizes:     COMRAM   BANK0   BANK1   BANK2   BANK3   BANK4   BANK5
      Params:         0       6       0       0       0       0       0
      Locals:         0       0       0       0       0       0       0
      Temps:          0       4       0       0       0       0       0
      Totals:         0      10       0       0       0       0       0
Total ram usage:       10 bytes
 Hardware stack levels used:    1
 Hardware stack levels required when called:    2
 This function calls:
		Nothing
 This function is called by:
		___awtofl
		___fladd
		___fldiv
		___flmul
		___lltofl
 This function uses a non-reentrant model


 *************** function _InterruptHandlerHigh *****************
 Defined at:
		line 491 in file "BMS_Master_V2.1.c"
 Parameters:    Size  Location     Type
		None
 Auto vars:     Size  Location     Type
  t0              2   18[COMRAM] unsigned int 
  t1              2    0        unsigned int 
  mdisp           1    0        unsigned char 
 Return value:  Size  Location     Type
		None               void
 Registers used:
		wreg, status,2, status,0, cstack
 Tracked objects:
		On entry : 
		On exit  : 
		Unchanged: 
 Data sizes:     COMRAM   BANK0   BANK1   BANK2   BANK3   BANK4   BANK5
      Params:         0       0       0       0       0       0       0
      Locals:         2       0       0       0       0       0       0
      Temps:         14       0       0       0       0       0       0
      Totals:        16       0       0       0       0       0       0
Total ram usage:       16 bytes
 Hardware stack levels used:    1
 Hardware stack levels required when called:    1
 This function calls:
		_ReadTimer0
		i2_WriteTimer0
 This function is called by:
		Interrupt level 2
 This function uses a non-reentrant model


 *************** function i2_WriteTimer0 *****************
 Defined at:
		line 16 in file "C:\Program Files\Microchip\xc8\v1.30\sources\pic18\plib\Timers\t0write.c"
 Parameters:    Size  Location     Type
  timer0          2   20[COMRAM] unsigned int 
 Auto vars:     Size  Location     Type
  WriteTimer0     2   22[COMRAM] struct Timers
 Return value:  Size  Location     Type
		None               void
 Registers used:
		None
 Tracked objects:
		On entry : 
		On exit  : 
		Unchanged: 
 Data sizes:     COMRAM   BANK0   BANK1   BANK2   BANK3   BANK4   BANK5
      Params:         2       0       0       0       0       0       0
      Locals:         2       0       0       0       0       0       0
      Temps:          0       0       0       0       0       0       0
      Totals:         4       0       0       0       0       0       0
Total ram usage:        4 bytes
 Hardware stack levels used:    1
 This function calls:
		Nothing
 This function is called by:
		_InterruptHandlerHigh
		_InterruptHandlerLow
 This function uses a non-reentrant model


 *************** function _ReadTimer0 *****************
 Defined at:
		line 16 in file "C:\Program Files\Microchip\xc8\v1.30\sources\pic18\plib\Timers\t0read.c"
 Parameters:    Size  Location     Type
		None
 Auto vars:     Size  Location     Type
  timer           2   22[COMRAM] struct Timers
 Return value:  Size  Location     Type
                  2   20[COMRAM] unsigned int 
 Registers used:
		None
 Tracked objects:
		On entry : 
		On exit  : 
		Unchanged: 
 Data sizes:     COMRAM   BANK0   BANK1   BANK2   BANK3   BANK4   BANK5
      Params:         2       0       0       0       0       0       0
      Locals:         2       0       0       0       0       0       0
      Temps:          0       0       0       0       0       0       0
      Totals:         4       0       0       0       0       0       0
Total ram usage:        4 bytes
 Hardware stack levels used:    1
 This function calls:
		Nothing
 This function is called by:
		_InterruptHandlerHigh
		_InterruptHandlerLow
 This function uses a non-reentrant model


 *************** function _InterruptHandlerLow *****************
 Defined at:
		line 522 in file "BMS_Master_V2.1.c"
 Parameters:    Size  Location     Type
		None
 Auto vars:     Size  Location     Type
  t0              2   38[COMRAM] unsigned int 
 Return value:  Size  Location     Type
		None               void
 Registers used:
		wreg, status,2, status,0, cstack
 Tracked objects:
		On entry : 
		On exit  : 
		Unchanged: 
 Data sizes:     COMRAM   BANK0   BANK1   BANK2   BANK3   BANK4   BANK5
      Params:         0       0       0       0       0       0       0
      Locals:         2       0       0       0       0       0       0
      Temps:         14       0       0       0       0       0       0
      Totals:        16       0       0       0       0       0       0
Total ram usage:       16 bytes
 Hardware stack levels used:    1
 Hardware stack levels required when called:    1
 This function calls:
		_ReadTimer0
		i2_WriteTimer0
 This function is called by:
		Interrupt level 2
 This function uses a non-reentrant model



MODULE INFORMATION

Module		Function		Class		Link	Load	Size
C:\Program Files\Microchip\xc8\v1.30\sources\pic18\plib\Timers\t0write.c
		_WriteTimer0   		CODE           	38BE	0000	18

C:\Program Files\Microchip\xc8\v1.30\sources\pic18\plib\Timers\t0write.c estimated size: 18

C:\Program Files\Microchip\xc8\v1.30\sources\common\memset.c
		_memset        		CODE           	37D8	0000	56

C:\Program Files\Microchip\xc8\v1.30\sources\common\memset.c estimated size: 56

C:\Program Files\Microchip\xc8\v1.30\sources\pic18\plib\Timers\t0read.c
		_ReadTimer0    		CODE           	38F4	0000	18

C:\Program Files\Microchip\xc8\v1.30\sources\pic18\plib\Timers\t0read.c estimated size: 18

C:\Program Files\Microchip\xc8\v1.30\sources\pic18\asfladd.c
		___asfladd     		CODE           	34FA	0000	98

C:\Program Files\Microchip\xc8\v1.30\sources\pic18\asfladd.c estimated size: 98

C:\Program Files\Microchip\xc8\v1.30\sources\common\awtofl.c
		___awtofl      		CODE           	32EA	0000	112

C:\Program Files\Microchip\xc8\v1.30\sources\common\awtofl.c estimated size: 112

C:\Program Files\Microchip\xc8\v1.30\sources\common\flge.c
		___flge        		CODE           	2D92	0000	300

C:\Program Files\Microchip\xc8\v1.30\sources\common\flge.c estimated size: 300

BMS_Master_V2.1.c
		_hexCharToInt  		CODE           	3712	0000	74
		_main          		CODE           	16DE	0000	998
		_ReadBatNo     		CODE           	35BE	0000	96
		_hexToInt      		CODE           	30AE	0000	220
		_InterruptHandl		CODE           	00AC	0000	12862
		_InterruptHandl		CODE           	0008	0000	164
		_NaslednjiPort 		CODE           	3846	0000	36

BMS_Master_V2.1.c estimated size: 14450

C:\Program Files\Microchip\xc8\v1.30\sources\common\wmul.c
		___wmul        		CODE           	36C4	0000	78

C:\Program Files\Microchip\xc8\v1.30\sources\common\wmul.c estimated size: 78

C:\Program Files\Microchip\xc8\v1.30\sources\pic18\plib\EEP\read_B.c
		_Read_b_eep    		CODE           	38D0	0000	18

C:\Program Files\Microchip\xc8\v1.30\sources\pic18\plib\EEP\read_B.c estimated size: 18

C:\Program Files\Microchip\xc8\v1.30\sources\common\lltofl.c
		___lltofl      		CODE           	375C	0000	62

C:\Program Files\Microchip\xc8\v1.30\sources\common\lltofl.c estimated size: 62

shared
		__stringdata   		MEDIUMCONST    	7E99	0000	357
		__powers_      		MEDIUMCONST    	7E3D	0000	52
		_dpowers       		MEDIUMCONST    	7E71	0000	40
		__npowers_     		MEDIUMCONST    	7E09	0000	52
		__initializatio		CODE           	361E	0000	80
		i2_WriteTimer0 		CODE           	38E2	0000	18

shared estimated size: 599

C:\Program Files\Microchip\xc8\v1.30\sources\common\llmod.c
		___llmod       		CODE           	318A	0000	198

C:\Program Files\Microchip\xc8\v1.30\sources\common\llmod.c estimated size: 198

C:\Program Files\Microchip\xc8\v1.30\sources\common\doprnt.c
		_scale         		CODE           	0C9C	0000	1616
		_sprintf       		CODE           	00BC	0000	3040
		_fround        		CODE           	1AC4	0000	934

C:\Program Files\Microchip\xc8\v1.30\sources\common\doprnt.c estimated size: 5590

C:\Program Files\Microchip\xc8\v1.30\sources\pic18\plib\USART\uread.c
		_ReadUSART     		CODE           	388C	0000	30

C:\Program Files\Microchip\xc8\v1.30\sources\pic18\plib\USART\uread.c estimated size: 30

C:\Program Files\Microchip\xc8\v1.30\sources\common\fldiv.c
		___fldiv       		CODE           	25A6	0000	468

C:\Program Files\Microchip\xc8\v1.30\sources\common\fldiv.c estimated size: 468

C:\Program Files\Microchip\xc8\v1.30\sources\common\flsub.c
		___flsub       		CODE           	3674	0000	80

C:\Program Files\Microchip\xc8\v1.30\sources\common\flsub.c estimated size: 80

C:\Program Files\Microchip\xc8\v1.30\sources\pic18\plib\Timers\t0open.c
		_OpenTimer0    		CODE           	386A	0000	34

C:\Program Files\Microchip\xc8\v1.30\sources\pic18\plib\Timers\t0open.c estimated size: 34

C:\Program Files\Microchip\xc8\v1.30\sources\common\lldiv.c
		___lldiv       		CODE           	2EBE	0000	262

C:\Program Files\Microchip\xc8\v1.30\sources\common\lldiv.c estimated size: 262

C:\Program Files\Microchip\xc8\v1.30\sources\common\flneg.c
		___flneg       		CODE           	379A	0000	62

C:\Program Files\Microchip\xc8\v1.30\sources\common\flneg.c estimated size: 62

C:\Program Files\Microchip\xc8\v1.30\sources\common\isdigit.c
		_isdigit       		CODE           	3810	0000	54

C:\Program Files\Microchip\xc8\v1.30\sources\common\isdigit.c estimated size: 54

C:\Program Files\Microchip\xc8\v1.30\sources\common\flmul.c
		___flmul       		CODE           	238C	0000	538

C:\Program Files\Microchip\xc8\v1.30\sources\common\flmul.c estimated size: 538

C:\Program Files\Microchip\xc8\v1.30\sources\common\fldivl.c
		__div_to_l_    		CODE           	215E	0000	558

C:\Program Files\Microchip\xc8\v1.30\sources\common\fldivl.c estimated size: 558

C:\Program Files\Microchip\xc8\v1.30\sources\common\fltol.c
		___fltol       		CODE           	2AFE	0000	350

C:\Program Files\Microchip\xc8\v1.30\sources\common\fltol.c estimated size: 350

C:\Program Files\Microchip\xc8\v1.30\sources\pic18\asfldiv.c
		___asfldiv     		CODE           	355C	0000	98

C:\Program Files\Microchip\xc8\v1.30\sources\pic18\asfldiv.c estimated size: 98

C:\Program Files\Microchip\xc8\v1.30\sources\pic18\asflsub.c
		___asflsub     		CODE           	3436	0000	98

C:\Program Files\Microchip\xc8\v1.30\sources\pic18\asflsub.c estimated size: 98

C:\Program Files\Microchip\xc8\v1.30\sources\common\ftdivl.c
		__tdiv_to_l_   		CODE           	277A	0000	466

C:\Program Files\Microchip\xc8\v1.30\sources\common\ftdivl.c estimated size: 466

C:\Program Files\Microchip\xc8\v1.30\sources\common\double.c
		___flpack      		CODE           	294C	0000	434

C:\Program Files\Microchip\xc8\v1.30\sources\common\double.c estimated size: 434

C:\Program Files\Microchip\xc8\v1.30\sources\pic18\plib\USART\uwrite.c
		_WriteUSART    		CODE           	38AA	0000	20

C:\Program Files\Microchip\xc8\v1.30\sources\pic18\plib\USART\uwrite.c estimated size: 20

C:\Program Files\Microchip\xc8\v1.30\sources\pic18\asflmul.c
		___asflmul     		CODE           	3498	0000	98

C:\Program Files\Microchip\xc8\v1.30\sources\pic18\asflmul.c estimated size: 98

C:\Program Files\Microchip\xc8\v1.30\sources\pic18\plib\USART\uputs.c
		_putsUSART     		CODE           	335A	0000	110

C:\Program Files\Microchip\xc8\v1.30\sources\pic18\plib\USART\uputs.c estimated size: 110

C:\Program Files\Microchip\xc8\v1.30\sources\pic18\plib\USART\uopen.c
		_OpenUSART     		CODE           	33C8	0000	110

C:\Program Files\Microchip\xc8\v1.30\sources\pic18\plib\USART\uopen.c estimated size: 110

C:\Program Files\Microchip\xc8\v1.30\sources\common\awmod.c
		___awmod       		CODE           	2FC4	0000	234

C:\Program Files\Microchip\xc8\v1.30\sources\common\awmod.c estimated size: 234

MyEvApp.c
		_sendToMyVehicl		CODE           	12EC	0000	1010

MyEvApp.c estimated size: 1010

C:\Program Files\Microchip\xc8\v1.30\sources\common\fladd.c
		___fladd       		CODE           	1E6A	0000	756

C:\Program Files\Microchip\xc8\v1.30\sources\common\fladd.c estimated size: 756

C:\Program Files\Microchip\xc8\v1.30\sources\common\awdiv.c
		___awdiv       		CODE           	2C5C	0000	310

C:\Program Files\Microchip\xc8\v1.30\sources\common\awdiv.c estimated size: 310

